<p><a href="https://example.com">blah</a> blah blah blah blah blah blah blah blah blah blah blah blah blah blah blah blah blah.
blah'blah blah <abbr title="blah-blah blah">blah</abbr> blah, blah blah blah, blah blah blah blah, blah blah blah, blah blah blah blah blah.
blah blah blah blah blah blah blah-blah blah'blah blah<sup><a href="#-footnote-0" id="a--footnote-0">[0]</a></sup>, blah blah blah blah blah blah blah-blah.
blah blah blah blah blah blah blah blah blah blah blah blah blah blah blah blah.</p>
<h3>blah blah blah</h3>
<p>blah blah blah blah blah blah, blah blah blah blah blah blah blah blah blah blah blah blah blah blah blah blah blah blah blah blah blah,
blah blah blah blah, blah blah blah, blah blah blah blah. blah blah blah blah blah blah blah blah blah blah.</p>
<h4><code>blah_blah = blah</code> blah blah</h4>
<p>blah blah blah blah, blah blah blah blah: blah blah blah blah blah, blah blah "blah", blah blah blah blah blah "blah" blah blah blah blah blah blah,
blah blah blah blah blah blah blah blah.
blah blah blah, blah blah blah blah blah blah blah blah blah blah blah blah blah.</p>
<p>blah blah blah blah blah blah, blah blah blah blah blah blah blah blah blah blah blah blah blah blah blah<sup><a href="#-footnote-1" id="a--footnote-1">[1]</a></sup><sup><a href="#-footnote-2" id="a--footnote-2">[2]</a></sup>.
blah blah blah blah blah blah blah blah blah blah blah blah, blah blah blah blah blah:
blah blah blah-blah blah (blah blah blah blah blah) blah blah blah blah-blah blah (blah blah blah blah blah blah).
blah blah blah blah blah blah-blah blah blah blah blah, blah blah blah blah blah blah blah.
blah blah blah blah blah blah blah blah blah blah <code>blah_blah</code> blah, blah blah blah blah <code>blah</code>&mdash;blah blah blah blah blah blah.</p>
<p>blah blah blah blah blah blah blah blah blah.
blah blah blah<sup><a href="#-footnote-3" id="a--footnote-3">[3]</a></sup> blah blah blah blah:</p>
<pre><code>blah blah_blah(blah):
    blah = blah.blah.blah(...)   # blah blah blah blah blah blah blah blah blah
    blah.blah_blah_blah_blah()   # blah blah blah blah
    blah.blah()                             # blah blah blah blah blah blah
    blah blah(...)
</code></pre>
<p>blah blah blah blah, blah <code>blah</code> blah blah blah blah blah blah blah blah blah blah blah,
blah blah blah blah blah blah blah&mdash;blah blah blah blah blah blah blah blah blah blah blah blah blah blah.
blah <code>blah</code> blah blah blah blah blah, blah blah blah blah blah blah blah blah blah
blah blah blah blah blah blah blah blah'blah blah. blah, <code>blah_blah_blah_blah</code> blah blah blah blah blah
blah blah blah blah blah blah blah blah blah blah blah.</p>
<h4><code>blah_blah_blah</code> blah <code>blah_blah_blah</code> blah blah-blah</h4>
<p>blah blah blah blah blah blah blah blah blah blah blah blah blah blah blah, blah blah blah, blah blah blah blah blah blah blah blah blah.
blah blah blah blah blah blah blah blah blah blah, blah, blah blah <code>blah</code> blah blah blah blah blah <code>blah</code>?
blah blah blah blah blah blah blah blah blah, blah.blah. blah blah blah blah blah blah blah <code>blah</code> blah blah blah blah <code>blah</code> blah blah,
blah blah blah blah blah blah blah blah blah blah.
blah blah blah blah blah blah blah, blah blah blah blah blah blah blah blah blah blah blah blah
<a href="https://example.com">blah blah <code>blah_blah_blah</code></a>:</p>
<blockquote>blah blah blah blah blah blah blah, blah blah blah, blah blah blah blah blah blah blah.
blah, blah blah blah blah blah blah blah blah blah blah blah blah blah blah blah <code>blah_blah_blah</code> blah (blah <code>blah</code> blah <code>blah_blah</code>),
blah blah blah blah blah blah blah-blah blah blah blah blah blah blah blah blah blah blah blah blah blah.</blockquote>
<p>blah blah, blah blah blah blah blah blah blah blah blah, blah blah blah blah blah<sup><a href="#-footnote-4" id="a--footnote-4">[4]</a></sup>.
blah blah blah blah blah, blah blah <i>blah</i> blah blah blah blah<sup><a href="#-footnote-5" id="a--footnote-5">[5]</a></sup>, blah blah blah blah blah blah blah.</p>
<h4>blah blah blah blah blah blah blah blah blah blah blah</h4>
<p>blah blah blah blah blah blah blah blah blah "blah", blah blah blah blah blah blah blah blah blah blah blah blah blah blah.
blah blah blah blah blah blah blah, blah blah, blah blah blah blah blah blah blah blah.
blah blah, blah blah blah blah blah blah blah blah blah blah blah' blah blah.
blah blah blah blah blah blah blah blah blah blah blah, blah?
blah blah blah blah blah blah blah blah blah blah. blah-blah? blah'blah blah blah blah.
blah <code>blah</code> blah blah blah, blah blah blah blah blah blah blah? blah'blah blah blah blah. blah? blah blah blah.
blah blah? blah blah blah blah blah blah!</p>
<p>blah blah blah blah blah blah blah blah blah blah blah:
blah, blah-blah blah blah blah blah blah blah blah, blah blah blah blah blah blah blah blah blah blah.</p>
<h4>blah blah blah blah blah blah <code>blah</code></h4>
<p>blah blah blah blah. blah blah'blah blah blah blah blah blah blah'blah blah blah blah blah blah:</p>
<pre><code>&gt; blah.blah.blah(blah__blah=blah)      # blah blah blah blah blah blah blah blah
[]                                              # blah blah blah blah blah blah blah
&gt; blah.blah.blah(blah=12345).blah blah blah     # blah blah blah blah blah blah blah blah blah blah blah
blah                                            # blah blah
</code></pre>
<p>blah blah blah blah blah blah blah blah blah blah blah blah blah blah, blah blah blah blah blah <code>blah</code>, blah blah blah blah blah blah.
blah blah blah blah blah blah, blah blah blah blah blah blah, blah blah blah blah blah blah blah <code>blah</code>, blah blah blah blah blah blah blah blah blah blah.
blah blah blah blah blah blah blah, blah blah-blah blah blah blah blah blah blah blah blah blah blah blah
blah<sup><a href="#-footnote-6" id="a--footnote-6">[6]</a></sup><sup><a href="#-footnote-7" id="a--footnote-7">[7]</a></sup>.</p>
<h4>blah blah blah</h4>
<p>blah blah blah'blah blah blah blah blah blah blah blah blah blah blah blah <code>blah</code> blah,
blah blah blah blah blah blah blah blah blah blah blah blah blah.
blah blah blah'blah blah blah blah, blah blah blah blah blah blah blah.
blah blah blah blah blah <code>blah</code> blah <code>blah_blah == blah</code> blah <code>blah_blah == 4</code>,
blah blah'blah blah blah blah blah blah blah (blah: blah).</p>
<p>blah blah blah blah blah blah blah blah blah blah blah blah blah blah blah blah blah blah <code>@blah</code> blah.
blah blah blah blah blah blah blah blah blah blah blah, blah blah blah blah blah, blah blah blah blah blah blah blah blah.</p>
<h3>blah blah</h3>
<p>blah blah blah blah blah blah blah blah blah blah blah blah blah<sup><a href="#-footnote-8" id="a--footnote-8">[8]</a></sup>.
blah blah blah blah blah blah blah blah blah blah blah-blah blah blah blah. blah'blah blah blah blah blah blah blah blah blah blah,
blah <code>blah</code> blah <code>blah</code> blah. blah blah blah blah blah blah blah blah blah blah blah blah blah blah, blah blah blah blah.
blah blah blah blah blah <code>blah</code> blah blah blah, blah blah blah <code>blah</code> blah blah, blah blah blah <code>blah</code> blah
blah&mdash;blah blah blah blah blah blah blah blah blah blah blah blah blah blah, blah blah blah blah blah blah blah blah.
blah'blah blah blah blah blah blah blah blah <i>blah blah blah</i>&mdash;blah blah blah blah blah blah blah blah blah blah blah blah.</p>
<p>blah, blah blah blah blah blah blah, blah blah blah blah blah blah blah&mdash;blah, blah blah blah blah blah blah blah&mdash;blah
blah blah blah blah blah blah.
blah blah blah blah blah blah? blah <code>&lt;blah&gt;</code> blah blah blah blah blah blah, blah blah blah blah blah blah blah blah!
blah blah blah blah blah blah blah? blah blah blah'blah blah blah blah blah blah blah blah. blah blah blah blah?</p>
<p>blah blah blah blah. blah blah blah blah blah blah blah blah blah blah blah-blah, blah blah blah blah blah blah-blah blah blah!
blah blah blah, blah blah blah'blah blah blah blah blah blah blah blah <a href="https://example.com">blah</a>) blah,
blah blah blah blah blah blah blah blah blah blah blah blah blah.</p>
<h3>blah</h3>
<p>blah blah blah blah blah blah blah blah blah<sup><a href="#-footnote-9" id="a--footnote-9">[9]</a></sup><sup><a href="#-footnote-10" id="a--footnote-10">[10]</a></sup>,
blah blah blah blah blah blah blah blah blah blah blah blah blah.
blah blah blah blah blah blah blah blah blah blah blah blah blah blah blah.
blah blah blah <i>blah</i>, blah blah blah blah blah blah blah blah blah blah blah.
blah blah blah blah blah, blah blah blah blah blah blah blah blah.</p>
<p>blah blah blah blah? blah blah blah blah blah blah blah blah blah blah blah blah blah blah blah blah blah
blah blah blah blah blah blah blah.
blah blah blah blah, blah blah <code>blah_blah_blah</code> blah <code>blah_blah_blah</code>, blah blah blah blah blah blah blah blah blah.
blah blah blah blah blah blah blah blah blah blah blah blah blah, blah blah blah blah blah blah blah blah blah blah blah blah blah blah blah blah.
blah blah blah blah blah blah blah blah blah blah blah blah blah, blah blah blah blah blah blah blah blah blah blah.
blah blah, blah blah blah blah, blah blah blah blah blah, blah blah blah blah blah blah blah blah blah blah blah blah blah blah blah,
blah blah blah blah blah blah blah.</p>
<p>blah blah blah blah blah, blah blah blah blah blah blah blah blah blah blah blah blah blah, blah blah blah blah blah blah blah.</p>
<hr/>
<ol start="0" class="footnotes"><li id="-footnote-0"><p>blah <a href="https://example.com">blah blah-blah</a>, blah blah-blah blah blah blah "blah2" blah.</p></li>
<li id="-footnote-1"><p>blah blah blah blah blah blah blah blah, blah blah blah blah blah blah blah blah blah blah.
blah blah, blah blah blah blah blah blah blah blah blah blah blah blah blah blah blah blah,
blah blah blah blah blah blah blah blah blah blah blah blah blah blah blah blah.</p></li>
<li id="-footnote-2"><p>blah blah blah blah blah blah blah blah blah blah, blah blah blah blah <a href="https://example.com">blah 249</a>.</p></li>
<li id="-footnote-3"><p>blah blah blah blah blah blah blah blah blah blah blah.</p></li>
<li id="-footnote-4"><p>blah <a href="https://example.com">blah</a>
blah blah blah blah blah blah blah blah <code>blah</code>, blah blah blah blah blah blah blah blah blah blah blah.</p></li>
<li id="-footnote-5"><p>blah blah <a href="https://example.com">blah</a>:</p>
<blockquote>blah blah blah blah blah, blah blah blah blah blah blah blah blah blah blah blah blah blah (blah blah),
blah blah blah blah blah blah <code>blah_blah_blah</code> blah blah blah <code>blah</code> blah blah blah blah'blah blah blah blah blah <code>blah()</code> blah.</blockquote></li>
<li id="-footnote-6"><p>blah blah, blah blah blah, blah blah blah blah 0
(<a href="https://example.com">blah blah</a>)
blah blah blah blah.</p></li>
<li id="-footnote-7"><p>blah blah blah blah blah "blah'blah blah blah blah blah blah blah blah".
blah blah blah blah blah blah blah blah blah blah, blah blah blah, blah blah blah blah, blah blah blah blah blah blah.</p></li>
<li id="-footnote-8"><p>blah blah blah blah blah blah blah blah blah blah blah.</p></li>
<li id="-footnote-9"><p>blah blah blah blah <code>blah()</code> blah <code>blah(blah)</code>,
blah blah blah <code>blah_blah(blah).blah()</code> blah blah blah blah blah blah,
blah blah blah <code>blah()</code> blah <code>blah</code> blah <code>blah(blah)</code> blah blah <code>blah</code> blah.</p></li>
<li id="-footnote-10"><p>blah blah <code>blah</code> blah <code>blah</code> blah, blah blah
<a href="https://example.com">blah</a>
blah blah <code>blah</code> blah blah blah'blah <code>blah</code> blah, blah blah blah <code>blah.blah()</code> blah:</p>
<blockquote>blah blah blah blah blah <code>blah()</code> blah blah blah blah blah blah blah blah blah blah blah blah blah blah blah.</blockquote>
<p>blah, blah blah blah blah blah blah (blah blah blah blah blah blah) blah blah blah <code>blah()</code>, <code>blah.blah()</code> blah <code>blah</code>, blah blah blah blah blah blah blah.</p></li>
</ol>
