&lt;div&gt;escaped&lt;/div&gt;
&lt;span&gt;allowed&lt;/span&gt;
&lt;span&gt;&lt;/span&gt;
&lt;span&gt;&lt;/span&gt;
&lt;img/&gt;
&lt;span&gt;&lt;/span&gt;
