&lt;div&gt;escaped&lt;/div&gt;
<span class="a">allowed</span>
<span></span>
<span class="a"></span>
&lt;img/&gt;
<span></span>
<pre><code class="a">var x;
</code></pre>
