<p>blah blah blah <a href="https://example.com">blah 1994</a>.
blah blah blah blah blah blah blah blah blah: blah blah <a href="https://example.com">blah</a> blah blah blah blah blah 2016, blah blah blah 50%.
blah blah blah blah blah blah blah blah blah blah blah blah blah <i>blah</i> blah blah blah?</p>
<h3>blah blah blah</h3>
<p>blah blah blah blah, blah blah blah blah blah blah blah blah blah blah blah blah, blah blah blah blah.
blah, blah blah blah blah blah blah blah blah blah blah blah blah.
blah blah blah blah blah blah blah blah blah blah blah blah.
blah blah blah blah blah blah blah blah blah blah. blah blah blah blah, blah blah, blah blah. blah blah blah, blah blah blah blah.
blah blah blah blah blah blah blah blah blah blah, blah, blah blah blah.
blah blah blah blah blah blah'blah blah blah, blah blah blah blah (blah blah blah blah<sup><a href="#-footnote-0" id="a--footnote-0">[0]</a></sup>)
blah blah blah blah, blah blah blah blah blah blah blah.</p>
<p>blah blah blah blah blah blah blah blah blah.
blah'blah blah blah blah blah blah blah blah blah blah blah blah blah blah blah.
blah blah blah blah blah blah blah blah blah blah<sup><a href="#-footnote-1" id="a--footnote-1">[1]</a></sup> blah blah, blah blah blah blah blah blah blah blah blah blah'blah blah, blah blah'blah blah blah blah-blah.
blah blah blah blah blah blah&mdash;blah blah blah blah blah blah blah blah blah blah blah blah<sup><a href="#-footnote-2" id="a--footnote-2">[2]</a></sup>.</p>
<h3>blah blah blah blah</h3>
<p>blah blah blah blah blah blah blah blah blah blah blah blah blah blah:</p>
<ul><li>blah blah blah blah blah blah "blah" blah blah, blah blah, blah blah blah blah blah blah blah.</li>
<li>blah blah blah blah blah blah blah blah, blah blah blah blah blah blah blah, blah blah blah blah, blah blah blah blah blah blah blah blah blah blah.</li>
<li>blah blah blah blah <code>blah</code> blah blah blah blah blah blah blah, blah blah blah blah blah blah blah, blah blah blah.
blah blah blah, blah blah blah blah blah blah blah blah blah, blah blah blah blah blah blah blah blah blah blah blah blah (blah blah blah) blah blah blah.</li>
</ul>
<p>blah blah blah blah blah blah blah blah blah blah blah blah blah blah blah blah blah.
blah blah blah blah blah blah blah blah blah blah blah, blah blah blah blah blah blah blah'blah blah blah.
blah blah blah blah blah blah blah blah blah blah blah blah blah blah, blah blah blah blah blah blah blah.
blah blah blah blah blah blah blah blah blah blah blah blah blah blah, blah blah blah blah blah blah blah blah blah blah blah blah.
blah blah blah blah<sup><a href="#-footnote-3" id="a--footnote-3">[3]</a></sup> blah blah blah blah blah blah blah blah blah blah<sup><a href="#-footnote-4" id="a--footnote-4">[4]</a></sup>, blah blah blah blah blah blah blah blah.</p>
<p>blah blah blah blah blah blah blah blah blah.
blah blah blah blah blah blah blah blah blah blah<sup><a href="#-footnote-5" id="a--footnote-5">[5]</a></sup> blah blah blah blah,
blah blah blah blah blah blah blah blah blah blah blah blah blah blah, blah blah blah <code>blah</code> blah blah blah blah.
blah blah blah blah blah blah blah blah blah blah blah blah,
blah, blah blah blah blah blah blah blah, blah blah blah blah blah blah blah blah blah blah blah blah blah blah<sup><a href="#-footnote-6" id="a--footnote-6">[6]</a></sup>.
blah blah blah blah blah blah blah blah blah blah, blah blah blah<sup><a href="#-footnote-7" id="a--footnote-7">[7]</a></sup> blah.
blah blah blah blah blah blah blah blah blah blah blah blah blah blah blah blah blah blah, blah blah blah blah blah blah'blah blah-blah blah<sup><a href="#-footnote-8" id="a--footnote-8">[8]</a></sup>.
blah blah blah blah blah blah blah blah blah blah blah blah blah <code>blah</code> blah, blah blah blah blah blah blah blah blah blah.</p>
<h3>blah-blah-blah</h3>
<p>blah blah blah blah blah blah blah blah blah blah blah blah blah blah blah blah blah.
blah blah blah blah blah blah blah blah blah blah blah; blah blah blah, blah blah blah blah blah blah blah blah blah blah-blah blah blah blah blah.
blah blah blah blah blah blah blah blah blah blah blah blah blah blah blah blah blah blah blah blah blah blah,
blah blah blah blah blah blah blah blah blah blah blah blah blah blah.
blah blah blah blah blah blah blah blah blah blah blah blah blah blah blah blah.</p>
<p>blah blah blah blah blah blah blah blah. blah blah3blah blah blah <a href="https://example.com"><code>blah-blah</code> blah blah</a>,
blah blah blah blah blah blah blah blah blah blah blah blah, blah blah blah blah blah blah blah blah blah.
blah, blah blah blah <a href="https://example.com">blah blah blah blah</a> blah blah blah blah blah blah blah.</p>
<p>blah blah blah blah, blah blah: blah <code>blah-blah-blah</code> blah.
blah blah blah blah blah blah blah <code>blah-blah-blah</code> blah, blah blah blah blah blah blah blah blah blah blah blah, blah blah blah blah blah, blah blah blah blah blah blah.
blah, blah blah blah blah blah blah blah blah blah blah.
blah blah blah blah blah blah blah blah blah blah blah blah blah blah blah.</p>
<p>blah, blah blah blah blah blah blah blah blah blah blah blah blah blah blah (blah.blah. blah), blah blah blah blah blah blah blah blah blah blah blah blah.
blah blah blah blah blah blah blah blah blah 20 blah blah.
blah blah blah blah blah blah blah blah blah <code>blah-blah-blah</code> blah blah blah blah blah blah blah blah blah blah, blah blah blah blah blah blah blah blah.
blah blah, blah blah blah.</p>
<hr/>
<ol start="0" class="footnotes"><li id="-footnote-0"><a href="#a--footnote-0">^</a>
<p>blah blah, "blah blah blah" blah blah blah blah blah blah blah blah blah blah blah blah blah blah blah blah.
blah blah blah blah blah blah blah (blah blah blah blah), blah blah blah blah blah, blah blah blah blah, blah blah blah blah blah blah blah blah blah blah.</p></li>
<li id="-footnote-1"><a href="#a--footnote-1">^</a>
<p>blah blah blah blah blah blah blah blah blah-blah.</p></li>
<li id="-footnote-2"><a href="#a--footnote-2">^</a>
<p>blah blah <a href="https://example.com">blah blah</a> blah blah blah blah blah-blah blah blah,
blah <a href="https://example.com">blah'blah blah</a> blah blah'blah blah blah blah blah blah blah blah blah.</p></li>
<li id="-footnote-3"><a href="#a--footnote-3">^</a>
<p>blah blah blah blah blah blah "blah" blah blah blah blah blah. blah blah blah.
blah blah blah blah <code>blah</code> blah, blah blah blah "blah", blah blah blah blah blah blah blah blah blah blah blah blah blah blah blah blah blah.
blah, blah blah3blah'blah <a href="https://example.com">blah blah blah</a> blah blah blah blah blah "blah", blah blah blah blah
blah blah blah blah blah blah blah.<sup><a href="#-footnote-9" id="a--footnote-9">[9]</a></sup></p></li>
<li id="-footnote-4"><a href="#a--footnote-4">^</a>
<p>blah blah blah blah, blah blah blah blah blah blah blah blah blah blah.
blah blah blah blah, blah blah blah blah blah, blah blah blah blah-blah blah.</p></li>
<li id="-footnote-5"><a href="#a--footnote-5">^</a>
<p>blah blah blah blah blah blah blah blah blah blah: blah blah, blah blah blah blah blah blah blah blah blah blah,
blah blah blah, blah blah blah blah blah blah blah blah blah blah blah blah blah blah.
blah blah blah blah blah blah blah blah blah blah blah blah blah blah blah blah blah blah blah blah blah blah,
blah blah blah blah blah blah blah blah blah blah blah blah blah blah blah, blah blah blah blah, blah blah blah blah blah blah blah blah blah-blah blah.</p></li>
<li id="-footnote-6"><a href="#a--footnote-6">^</a>
<p>blah blah, blah blah blah blah, blah blah blah blah <a href="https://example.com">blah blah blah</a>
blah blah blah blah blah blah blah blah blah blah. blah blah blah blah blah blah.</p></li>
<li id="-footnote-7"><a href="#a--footnote-7">^</a>
<p>blah blah blah blah blah blah.</p></li>
<li id="-footnote-8"><a href="#a--footnote-8">^</a>
<p>blah blah blah blah blah blah blah blah blah.
blah blah blah blah blah blah blah blah blah blah blah blah blah blah blah blah blah blah'blah blah,
blah blah blah blah blah blah blah blah blah blah, blah blah blah blah blah blah blah blah blah blah.</p></li>
<li id="-footnote-9"><a href="#a--footnote-9">^</a>
<p>blah blah blah blah blah "blah" blah blah blah blah blah "blah" blah blah blah, blah blah blah blah blah blah blah blah blah blah blah blah blah blah.</p></li>
</ol>
